[0.141s] DEBUG:colcon:Command line arguments: ['/usr/bin/colcon', 'list', '-p', '--base-paths', '/home/jack/tare_planner']
[0.142s] DEBUG:colcon:Parsed command line arguments: Namespace(log_base=None, log_level=None, verb_name='list', build_base='build', ignore_user_meta=False, metas=['./colcon.meta'], base_paths=['/home/jack/tare_planner'], packages_ignore=None, packages_ignore_regex=None, paths=None, packages_up_to=None, packages_up_to_regex=None, packages_above=None, packages_above_and_dependencies=None, packages_above_depth=None, packages_select_by_dep=None, packages_skip_by_dep=None, packages_skip_up_to=None, packages_select_build_failed=False, packages_skip_build_finished=False, packages_select_test_failures=False, packages_skip_test_passed=False, packages_select=None, packages_skip=None, packages_select_regex=None, packages_skip_regex=None, packages_start=None, packages_end=None, allow_overriding=[], topological_order=False, names_only=False, paths_only=True, topological_graph=False, topological_graph_dot=False, topological_graph_density=False, topological_graph_legend=False, topological_graph_dot_cluster=False, topological_graph_dot_include_skipped=False, verb_parser=<colcon_defaults.argument_parser.defaults.DefaultArgumentsDecorator object at 0x7094b7d6e800>, verb_extension=<colcon_package_information.verb.list.ListVerb object at 0x7094b7d6e4a0>, main=<bound method ListVerb.main of <colcon_package_information.verb.list.ListVerb object at 0x7094b7d6e4a0>>)
[0.344s] Level 1:colcon.colcon_core.package_discovery:discover_packages(colcon_meta) check parameters
[0.344s] Level 1:colcon.colcon_core.package_discovery:discover_packages(recursive) check parameters
[0.344s] Level 1:colcon.colcon_core.package_discovery:discover_packages(ignore) check parameters
[0.344s] Level 1:colcon.colcon_core.package_discovery:discover_packages(path) check parameters
[0.344s] Level 1:colcon.colcon_core.package_discovery:discover_packages(recursive) discover
[0.344s] INFO:colcon.colcon_core.package_discovery:Crawling recursively for packages in '/home/jack/tare_planner'
[0.344s] Level 1:colcon.colcon_core.package_identification:_identify(/home/jack/tare_planner) by extensions ['ignore', 'ignore_ament_install']
[0.344s] Level 1:colcon.colcon_core.package_identification:_identify(/home/jack/tare_planner) by extension 'ignore'
[0.344s] Level 1:colcon.colcon_core.package_identification:_identify(/home/jack/tare_planner) by extension 'ignore_ament_install'
[0.344s] Level 1:colcon.colcon_core.package_identification:_identify(/home/jack/tare_planner) by extensions ['colcon_pkg']
[0.344s] Level 1:colcon.colcon_core.package_identification:_identify(/home/jack/tare_planner) by extension 'colcon_pkg'
[0.344s] Level 1:colcon.colcon_core.package_identification:_identify(/home/jack/tare_planner) by extensions ['colcon_meta']
[0.344s] Level 1:colcon.colcon_core.package_identification:_identify(/home/jack/tare_planner) by extension 'colcon_meta'
[0.344s] Level 1:colcon.colcon_core.package_identification:_identify(/home/jack/tare_planner) by extensions ['ros']
[0.344s] Level 1:colcon.colcon_core.package_identification:_identify(/home/jack/tare_planner) by extension 'ros'
[0.355s] Level 1:colcon.colcon_core.package_identification:_identify(/home/jack/tare_planner) by extensions ['cmake', 'python']
[0.355s] Level 1:colcon.colcon_core.package_identification:_identify(/home/jack/tare_planner) by extension 'cmake'
[0.355s] Level 1:colcon.colcon_core.package_identification:_identify(/home/jack/tare_planner) by extension 'python'
[0.355s] Level 1:colcon.colcon_core.package_identification:_identify(/home/jack/tare_planner) by extensions ['python_setup_py']
[0.355s] Level 1:colcon.colcon_core.package_identification:_identify(/home/jack/tare_planner) by extension 'python_setup_py'
[0.355s] Level 1:colcon.colcon_core.package_identification:_identify(/home/jack/tare_planner/build) by extensions ['ignore', 'ignore_ament_install']
[0.355s] Level 1:colcon.colcon_core.package_identification:_identify(/home/jack/tare_planner/build) by extension 'ignore'
[0.355s] Level 1:colcon.colcon_core.package_identification:_identify(/home/jack/tare_planner/build) by extension 'ignore_ament_install'
[0.355s] Level 1:colcon.colcon_core.package_identification:_identify(/home/jack/tare_planner/build) by extensions ['colcon_pkg']
[0.355s] Level 1:colcon.colcon_core.package_identification:_identify(/home/jack/tare_planner/build) by extension 'colcon_pkg'
[0.355s] Level 1:colcon.colcon_core.package_identification:_identify(/home/jack/tare_planner/build) by extensions ['colcon_meta']
[0.355s] Level 1:colcon.colcon_core.package_identification:_identify(/home/jack/tare_planner/build) by extension 'colcon_meta'
[0.355s] Level 1:colcon.colcon_core.package_identification:_identify(/home/jack/tare_planner/build) by extensions ['ros']
[0.355s] Level 1:colcon.colcon_core.package_identification:_identify(/home/jack/tare_planner/build) by extension 'ros'
[0.355s] Level 1:colcon.colcon_core.package_identification:_identify(/home/jack/tare_planner/build) ignored
[0.355s] Level 1:colcon.colcon_core.package_identification:_identify(/home/jack/tare_planner/devel) by extensions ['ignore', 'ignore_ament_install']
[0.355s] Level 1:colcon.colcon_core.package_identification:_identify(/home/jack/tare_planner/devel) by extension 'ignore'
[0.355s] Level 1:colcon.colcon_core.package_identification:_identify(/home/jack/tare_planner/devel) by extension 'ignore_ament_install'
[0.356s] Level 1:colcon.colcon_core.package_identification:_identify(/home/jack/tare_planner/devel) ignored
[0.356s] Level 1:colcon.colcon_core.package_identification:_identify(/home/jack/tare_planner/log) by extensions ['ignore', 'ignore_ament_install']
[0.356s] Level 1:colcon.colcon_core.package_identification:_identify(/home/jack/tare_planner/log) by extension 'ignore'
[0.356s] Level 1:colcon.colcon_core.package_identification:_identify(/home/jack/tare_planner/log) ignored
[0.356s] Level 1:colcon.colcon_core.package_identification:_identify(/home/jack/tare_planner/src) by extensions ['ignore', 'ignore_ament_install']
[0.356s] Level 1:colcon.colcon_core.package_identification:_identify(/home/jack/tare_planner/src) by extension 'ignore'
[0.356s] Level 1:colcon.colcon_core.package_identification:_identify(/home/jack/tare_planner/src) by extension 'ignore_ament_install'
[0.356s] Level 1:colcon.colcon_core.package_identification:_identify(/home/jack/tare_planner/src) by extensions ['colcon_pkg']
[0.356s] Level 1:colcon.colcon_core.package_identification:_identify(/home/jack/tare_planner/src) by extension 'colcon_pkg'
[0.356s] Level 1:colcon.colcon_core.package_identification:_identify(/home/jack/tare_planner/src) by extensions ['colcon_meta']
[0.356s] Level 1:colcon.colcon_core.package_identification:_identify(/home/jack/tare_planner/src) by extension 'colcon_meta'
[0.356s] Level 1:colcon.colcon_core.package_identification:_identify(/home/jack/tare_planner/src) by extensions ['ros']
[0.356s] Level 1:colcon.colcon_core.package_identification:_identify(/home/jack/tare_planner/src) by extension 'ros'
[0.356s] Level 1:colcon.colcon_core.package_identification:_identify(/home/jack/tare_planner/src) by extensions ['cmake', 'python']
[0.356s] Level 1:colcon.colcon_core.package_identification:_identify(/home/jack/tare_planner/src) by extension 'cmake'
[0.356s] Level 1:colcon.colcon_core.package_identification:_identify(/home/jack/tare_planner/src) by extension 'python'
[0.356s] Level 1:colcon.colcon_core.package_identification:_identify(/home/jack/tare_planner/src) by extensions ['python_setup_py']
[0.356s] Level 1:colcon.colcon_core.package_identification:_identify(/home/jack/tare_planner/src) by extension 'python_setup_py'
[0.356s] Level 1:colcon.colcon_core.package_identification:_identify(/home/jack/tare_planner/src/autonomous_exploration_development_environment) by extensions ['ignore', 'ignore_ament_install']
[0.356s] Level 1:colcon.colcon_core.package_identification:_identify(/home/jack/tare_planner/src/autonomous_exploration_development_environment) by extension 'ignore'
[0.356s] Level 1:colcon.colcon_core.package_identification:_identify(/home/jack/tare_planner/src/autonomous_exploration_development_environment) by extension 'ignore_ament_install'
[0.356s] Level 1:colcon.colcon_core.package_identification:_identify(/home/jack/tare_planner/src/autonomous_exploration_development_environment) by extensions ['colcon_pkg']
[0.356s] Level 1:colcon.colcon_core.package_identification:_identify(/home/jack/tare_planner/src/autonomous_exploration_development_environment) by extension 'colcon_pkg'
[0.356s] Level 1:colcon.colcon_core.package_identification:_identify(/home/jack/tare_planner/src/autonomous_exploration_development_environment) by extensions ['colcon_meta']
[0.356s] Level 1:colcon.colcon_core.package_identification:_identify(/home/jack/tare_planner/src/autonomous_exploration_development_environment) by extension 'colcon_meta'
[0.357s] Level 1:colcon.colcon_core.package_identification:_identify(/home/jack/tare_planner/src/autonomous_exploration_development_environment) by extensions ['ros']
[0.357s] Level 1:colcon.colcon_core.package_identification:_identify(/home/jack/tare_planner/src/autonomous_exploration_development_environment) by extension 'ros'
[0.357s] Level 1:colcon.colcon_core.package_identification:_identify(/home/jack/tare_planner/src/autonomous_exploration_development_environment) by extensions ['cmake', 'python']
[0.357s] Level 1:colcon.colcon_core.package_identification:_identify(/home/jack/tare_planner/src/autonomous_exploration_development_environment) by extension 'cmake'
[0.357s] Level 1:colcon.colcon_core.package_identification:_identify(/home/jack/tare_planner/src/autonomous_exploration_development_environment) by extension 'python'
[0.357s] Level 1:colcon.colcon_core.package_identification:_identify(/home/jack/tare_planner/src/autonomous_exploration_development_environment) by extensions ['python_setup_py']
[0.357s] Level 1:colcon.colcon_core.package_identification:_identify(/home/jack/tare_planner/src/autonomous_exploration_development_environment) by extension 'python_setup_py'
[0.357s] Level 1:colcon.colcon_core.package_identification:_identify(/home/jack/tare_planner/src/autonomous_exploration_development_environment/build) by extensions ['ignore', 'ignore_ament_install']
[0.357s] Level 1:colcon.colcon_core.package_identification:_identify(/home/jack/tare_planner/src/autonomous_exploration_development_environment/build) by extension 'ignore'
[0.357s] Level 1:colcon.colcon_core.package_identification:_identify(/home/jack/tare_planner/src/autonomous_exploration_development_environment/build) by extension 'ignore_ament_install'
[0.357s] Level 1:colcon.colcon_core.package_identification:_identify(/home/jack/tare_planner/src/autonomous_exploration_development_environment/build) by extensions ['colcon_pkg']
[0.357s] Level 1:colcon.colcon_core.package_identification:_identify(/home/jack/tare_planner/src/autonomous_exploration_development_environment/build) by extension 'colcon_pkg'
[0.357s] Level 1:colcon.colcon_core.package_identification:_identify(/home/jack/tare_planner/src/autonomous_exploration_development_environment/build) by extensions ['colcon_meta']
[0.357s] Level 1:colcon.colcon_core.package_identification:_identify(/home/jack/tare_planner/src/autonomous_exploration_development_environment/build) by extension 'colcon_meta'
[0.357s] Level 1:colcon.colcon_core.package_identification:_identify(/home/jack/tare_planner/src/autonomous_exploration_development_environment/build) by extensions ['ros']
[0.357s] Level 1:colcon.colcon_core.package_identification:_identify(/home/jack/tare_planner/src/autonomous_exploration_development_environment/build) by extension 'ros'
[0.357s] Level 1:colcon.colcon_core.package_identification:_identify(/home/jack/tare_planner/src/autonomous_exploration_development_environment/build) ignored
[0.357s] Level 1:colcon.colcon_core.package_identification:_identify(/home/jack/tare_planner/src/autonomous_exploration_development_environment/devel) by extensions ['ignore', 'ignore_ament_install']
[0.357s] Level 1:colcon.colcon_core.package_identification:_identify(/home/jack/tare_planner/src/autonomous_exploration_development_environment/devel) by extension 'ignore'
[0.357s] Level 1:colcon.colcon_core.package_identification:_identify(/home/jack/tare_planner/src/autonomous_exploration_development_environment/devel) by extension 'ignore_ament_install'
[0.357s] Level 1:colcon.colcon_core.package_identification:_identify(/home/jack/tare_planner/src/autonomous_exploration_development_environment/devel) ignored
[0.357s] Level 1:colcon.colcon_core.package_identification:_identify(/home/jack/tare_planner/src/autonomous_exploration_development_environment/img) by extensions ['ignore', 'ignore_ament_install']
[0.357s] Level 1:colcon.colcon_core.package_identification:_identify(/home/jack/tare_planner/src/autonomous_exploration_development_environment/img) by extension 'ignore'
[0.357s] Level 1:colcon.colcon_core.package_identification:_identify(/home/jack/tare_planner/src/autonomous_exploration_development_environment/img) by extension 'ignore_ament_install'
[0.358s] Level 1:colcon.colcon_core.package_identification:_identify(/home/jack/tare_planner/src/autonomous_exploration_development_environment/img) by extensions ['colcon_pkg']
[0.358s] Level 1:colcon.colcon_core.package_identification:_identify(/home/jack/tare_planner/src/autonomous_exploration_development_environment/img) by extension 'colcon_pkg'
[0.358s] Level 1:colcon.colcon_core.package_identification:_identify(/home/jack/tare_planner/src/autonomous_exploration_development_environment/img) by extensions ['colcon_meta']
[0.358s] Level 1:colcon.colcon_core.package_identification:_identify(/home/jack/tare_planner/src/autonomous_exploration_development_environment/img) by extension 'colcon_meta'
[0.358s] Level 1:colcon.colcon_core.package_identification:_identify(/home/jack/tare_planner/src/autonomous_exploration_development_environment/img) by extensions ['ros']
[0.358s] Level 1:colcon.colcon_core.package_identification:_identify(/home/jack/tare_planner/src/autonomous_exploration_development_environment/img) by extension 'ros'
[0.358s] Level 1:colcon.colcon_core.package_identification:_identify(/home/jack/tare_planner/src/autonomous_exploration_development_environment/img) by extensions ['cmake', 'python']
[0.358s] Level 1:colcon.colcon_core.package_identification:_identify(/home/jack/tare_planner/src/autonomous_exploration_development_environment/img) by extension 'cmake'
[0.358s] Level 1:colcon.colcon_core.package_identification:_identify(/home/jack/tare_planner/src/autonomous_exploration_development_environment/img) by extension 'python'
[0.358s] Level 1:colcon.colcon_core.package_identification:_identify(/home/jack/tare_planner/src/autonomous_exploration_development_environment/img) by extensions ['python_setup_py']
[0.358s] Level 1:colcon.colcon_core.package_identification:_identify(/home/jack/tare_planner/src/autonomous_exploration_development_environment/img) by extension 'python_setup_py'
[0.358s] Level 1:colcon.colcon_core.package_identification:_identify(/home/jack/tare_planner/src/autonomous_exploration_development_environment/src) by extensions ['ignore', 'ignore_ament_install']
[0.358s] Level 1:colcon.colcon_core.package_identification:_identify(/home/jack/tare_planner/src/autonomous_exploration_development_environment/src) by extension 'ignore'
[0.358s] Level 1:colcon.colcon_core.package_identification:_identify(/home/jack/tare_planner/src/autonomous_exploration_development_environment/src) by extension 'ignore_ament_install'
[0.358s] Level 1:colcon.colcon_core.package_identification:_identify(/home/jack/tare_planner/src/autonomous_exploration_development_environment/src) by extensions ['colcon_pkg']
[0.358s] Level 1:colcon.colcon_core.package_identification:_identify(/home/jack/tare_planner/src/autonomous_exploration_development_environment/src) by extension 'colcon_pkg'
[0.358s] Level 1:colcon.colcon_core.package_identification:_identify(/home/jack/tare_planner/src/autonomous_exploration_development_environment/src) by extensions ['colcon_meta']
[0.358s] Level 1:colcon.colcon_core.package_identification:_identify(/home/jack/tare_planner/src/autonomous_exploration_development_environment/src) by extension 'colcon_meta'
[0.358s] Level 1:colcon.colcon_core.package_identification:_identify(/home/jack/tare_planner/src/autonomous_exploration_development_environment/src) by extensions ['ros']
[0.358s] Level 1:colcon.colcon_core.package_identification:_identify(/home/jack/tare_planner/src/autonomous_exploration_development_environment/src) by extension 'ros'
[0.358s] Level 1:colcon.colcon_core.package_identification:_identify(/home/jack/tare_planner/src/autonomous_exploration_development_environment/src) by extensions ['cmake', 'python']
[0.358s] Level 1:colcon.colcon_core.package_identification:_identify(/home/jack/tare_planner/src/autonomous_exploration_development_environment/src) by extension 'cmake'
[0.358s] Level 1:colcon.colcon_core.package_identification:_identify(/home/jack/tare_planner/src/autonomous_exploration_development_environment/src) by extension 'python'
[0.358s] Level 1:colcon.colcon_core.package_identification:_identify(/home/jack/tare_planner/src/autonomous_exploration_development_environment/src) by extensions ['python_setup_py']
[0.358s] Level 1:colcon.colcon_core.package_identification:_identify(/home/jack/tare_planner/src/autonomous_exploration_development_environment/src) by extension 'python_setup_py'
[0.358s] Level 1:colcon.colcon_core.package_identification:_identify(/home/jack/tare_planner/src/autonomous_exploration_development_environment/src/joystick_drivers) by extensions ['ignore', 'ignore_ament_install']
[0.358s] Level 1:colcon.colcon_core.package_identification:_identify(/home/jack/tare_planner/src/autonomous_exploration_development_environment/src/joystick_drivers) by extension 'ignore'
[0.359s] Level 1:colcon.colcon_core.package_identification:_identify(/home/jack/tare_planner/src/autonomous_exploration_development_environment/src/joystick_drivers) by extension 'ignore_ament_install'
[0.359s] Level 1:colcon.colcon_core.package_identification:_identify(/home/jack/tare_planner/src/autonomous_exploration_development_environment/src/joystick_drivers) by extensions ['colcon_pkg']
[0.359s] Level 1:colcon.colcon_core.package_identification:_identify(/home/jack/tare_planner/src/autonomous_exploration_development_environment/src/joystick_drivers) by extension 'colcon_pkg'
[0.359s] Level 1:colcon.colcon_core.package_identification:_identify(/home/jack/tare_planner/src/autonomous_exploration_development_environment/src/joystick_drivers) by extensions ['colcon_meta']
[0.359s] Level 1:colcon.colcon_core.package_identification:_identify(/home/jack/tare_planner/src/autonomous_exploration_development_environment/src/joystick_drivers) by extension 'colcon_meta'
[0.359s] Level 1:colcon.colcon_core.package_identification:_identify(/home/jack/tare_planner/src/autonomous_exploration_development_environment/src/joystick_drivers) by extensions ['ros']
[0.359s] Level 1:colcon.colcon_core.package_identification:_identify(/home/jack/tare_planner/src/autonomous_exploration_development_environment/src/joystick_drivers) by extension 'ros'
[0.359s] Level 1:colcon.colcon_core.package_identification:_identify(/home/jack/tare_planner/src/autonomous_exploration_development_environment/src/joystick_drivers) by extensions ['cmake', 'python']
[0.359s] Level 1:colcon.colcon_core.package_identification:_identify(/home/jack/tare_planner/src/autonomous_exploration_development_environment/src/joystick_drivers) by extension 'cmake'
[0.359s] Level 1:colcon.colcon_core.package_identification:_identify(/home/jack/tare_planner/src/autonomous_exploration_development_environment/src/joystick_drivers) by extension 'python'
[0.359s] Level 1:colcon.colcon_core.package_identification:_identify(/home/jack/tare_planner/src/autonomous_exploration_development_environment/src/joystick_drivers) by extensions ['python_setup_py']
[0.359s] Level 1:colcon.colcon_core.package_identification:_identify(/home/jack/tare_planner/src/autonomous_exploration_development_environment/src/joystick_drivers) by extension 'python_setup_py'
[0.359s] Level 1:colcon.colcon_core.package_identification:_identify(/home/jack/tare_planner/src/autonomous_exploration_development_environment/src/joystick_drivers/joy) by extensions ['ignore', 'ignore_ament_install']
[0.359s] Level 1:colcon.colcon_core.package_identification:_identify(/home/jack/tare_planner/src/autonomous_exploration_development_environment/src/joystick_drivers/joy) by extension 'ignore'
[0.359s] Level 1:colcon.colcon_core.package_identification:_identify(/home/jack/tare_planner/src/autonomous_exploration_development_environment/src/joystick_drivers/joy) by extension 'ignore_ament_install'
[0.359s] Level 1:colcon.colcon_core.package_identification:_identify(/home/jack/tare_planner/src/autonomous_exploration_development_environment/src/joystick_drivers/joy) by extensions ['colcon_pkg']
[0.359s] Level 1:colcon.colcon_core.package_identification:_identify(/home/jack/tare_planner/src/autonomous_exploration_development_environment/src/joystick_drivers/joy) by extension 'colcon_pkg'
[0.359s] Level 1:colcon.colcon_core.package_identification:_identify(/home/jack/tare_planner/src/autonomous_exploration_development_environment/src/joystick_drivers/joy) by extensions ['colcon_meta']
[0.359s] Level 1:colcon.colcon_core.package_identification:_identify(/home/jack/tare_planner/src/autonomous_exploration_development_environment/src/joystick_drivers/joy) by extension 'colcon_meta'
[0.359s] Level 1:colcon.colcon_core.package_identification:_identify(/home/jack/tare_planner/src/autonomous_exploration_development_environment/src/joystick_drivers/joy) by extensions ['ros']
[0.359s] Level 1:colcon.colcon_core.package_identification:_identify(/home/jack/tare_planner/src/autonomous_exploration_development_environment/src/joystick_drivers/joy) by extension 'ros'
[0.364s] DEBUG:colcon.colcon_core.package_identification:Package '/home/jack/tare_planner/src/autonomous_exploration_development_environment/src/joystick_drivers/joy' with type 'ros.catkin' and name 'joy'
[0.364s] Level 1:colcon.colcon_core.package_identification:_identify(/home/jack/tare_planner/src/autonomous_exploration_development_environment/src/joystick_drivers/joystick_drivers) by extensions ['ignore', 'ignore_ament_install']
[0.365s] Level 1:colcon.colcon_core.package_identification:_identify(/home/jack/tare_planner/src/autonomous_exploration_development_environment/src/joystick_drivers/joystick_drivers) by extension 'ignore'
[0.365s] Level 1:colcon.colcon_core.package_identification:_identify(/home/jack/tare_planner/src/autonomous_exploration_development_environment/src/joystick_drivers/joystick_drivers) by extension 'ignore_ament_install'
[0.365s] Level 1:colcon.colcon_core.package_identification:_identify(/home/jack/tare_planner/src/autonomous_exploration_development_environment/src/joystick_drivers/joystick_drivers) by extensions ['colcon_pkg']
[0.365s] Level 1:colcon.colcon_core.package_identification:_identify(/home/jack/tare_planner/src/autonomous_exploration_development_environment/src/joystick_drivers/joystick_drivers) by extension 'colcon_pkg'
[0.365s] Level 1:colcon.colcon_core.package_identification:_identify(/home/jack/tare_planner/src/autonomous_exploration_development_environment/src/joystick_drivers/joystick_drivers) by extensions ['colcon_meta']
[0.365s] Level 1:colcon.colcon_core.package_identification:_identify(/home/jack/tare_planner/src/autonomous_exploration_development_environment/src/joystick_drivers/joystick_drivers) by extension 'colcon_meta'
[0.365s] Level 1:colcon.colcon_core.package_identification:_identify(/home/jack/tare_planner/src/autonomous_exploration_development_environment/src/joystick_drivers/joystick_drivers) by extensions ['ros']
[0.365s] Level 1:colcon.colcon_core.package_identification:_identify(/home/jack/tare_planner/src/autonomous_exploration_development_environment/src/joystick_drivers/joystick_drivers) by extension 'ros'
[0.366s] DEBUG:colcon.colcon_core.package_identification:Package '/home/jack/tare_planner/src/autonomous_exploration_development_environment/src/joystick_drivers/joystick_drivers' with type 'ros.catkin' and name 'joystick_drivers'
[0.366s] Level 1:colcon.colcon_core.package_identification:_identify(/home/jack/tare_planner/src/autonomous_exploration_development_environment/src/joystick_drivers/ps3joy) by extensions ['ignore', 'ignore_ament_install']
[0.366s] Level 1:colcon.colcon_core.package_identification:_identify(/home/jack/tare_planner/src/autonomous_exploration_development_environment/src/joystick_drivers/ps3joy) by extension 'ignore'
[0.367s] Level 1:colcon.colcon_core.package_identification:_identify(/home/jack/tare_planner/src/autonomous_exploration_development_environment/src/joystick_drivers/ps3joy) by extension 'ignore_ament_install'
[0.367s] Level 1:colcon.colcon_core.package_identification:_identify(/home/jack/tare_planner/src/autonomous_exploration_development_environment/src/joystick_drivers/ps3joy) by extensions ['colcon_pkg']
[0.367s] Level 1:colcon.colcon_core.package_identification:_identify(/home/jack/tare_planner/src/autonomous_exploration_development_environment/src/joystick_drivers/ps3joy) by extension 'colcon_pkg'
[0.367s] Level 1:colcon.colcon_core.package_identification:_identify(/home/jack/tare_planner/src/autonomous_exploration_development_environment/src/joystick_drivers/ps3joy) by extensions ['colcon_meta']
[0.367s] Level 1:colcon.colcon_core.package_identification:_identify(/home/jack/tare_planner/src/autonomous_exploration_development_environment/src/joystick_drivers/ps3joy) by extension 'colcon_meta'
[0.367s] Level 1:colcon.colcon_core.package_identification:_identify(/home/jack/tare_planner/src/autonomous_exploration_development_environment/src/joystick_drivers/ps3joy) by extensions ['ros']
[0.367s] Level 1:colcon.colcon_core.package_identification:_identify(/home/jack/tare_planner/src/autonomous_exploration_development_environment/src/joystick_drivers/ps3joy) by extension 'ros'
[0.369s] DEBUG:colcon.colcon_core.package_identification:Package '/home/jack/tare_planner/src/autonomous_exploration_development_environment/src/joystick_drivers/ps3joy' with type 'ros.catkin' and name 'ps3joy'
[0.369s] Level 1:colcon.colcon_core.package_identification:_identify(/home/jack/tare_planner/src/autonomous_exploration_development_environment/src/loam_interface) by extensions ['ignore', 'ignore_ament_install']
[0.369s] Level 1:colcon.colcon_core.package_identification:_identify(/home/jack/tare_planner/src/autonomous_exploration_development_environment/src/loam_interface) by extension 'ignore'
[0.369s] Level 1:colcon.colcon_core.package_identification:_identify(/home/jack/tare_planner/src/autonomous_exploration_development_environment/src/loam_interface) by extension 'ignore_ament_install'
[0.369s] Level 1:colcon.colcon_core.package_identification:_identify(/home/jack/tare_planner/src/autonomous_exploration_development_environment/src/loam_interface) by extensions ['colcon_pkg']
[0.369s] Level 1:colcon.colcon_core.package_identification:_identify(/home/jack/tare_planner/src/autonomous_exploration_development_environment/src/loam_interface) by extension 'colcon_pkg'
[0.369s] Level 1:colcon.colcon_core.package_identification:_identify(/home/jack/tare_planner/src/autonomous_exploration_development_environment/src/loam_interface) by extensions ['colcon_meta']
[0.369s] Level 1:colcon.colcon_core.package_identification:_identify(/home/jack/tare_planner/src/autonomous_exploration_development_environment/src/loam_interface) by extension 'colcon_meta'
[0.369s] Level 1:colcon.colcon_core.package_identification:_identify(/home/jack/tare_planner/src/autonomous_exploration_development_environment/src/loam_interface) by extensions ['ros']
[0.369s] Level 1:colcon.colcon_core.package_identification:_identify(/home/jack/tare_planner/src/autonomous_exploration_development_environment/src/loam_interface) by extension 'ros'
[0.370s] DEBUG:colcon.colcon_core.package_identification:Package '/home/jack/tare_planner/src/autonomous_exploration_development_environment/src/loam_interface' with type 'ros.catkin' and name 'loam_interface'
[0.371s] Level 1:colcon.colcon_core.package_identification:_identify(/home/jack/tare_planner/src/autonomous_exploration_development_environment/src/local_planner) by extensions ['ignore', 'ignore_ament_install']
[0.371s] Level 1:colcon.colcon_core.package_identification:_identify(/home/jack/tare_planner/src/autonomous_exploration_development_environment/src/local_planner) by extension 'ignore'
[0.371s] Level 1:colcon.colcon_core.package_identification:_identify(/home/jack/tare_planner/src/autonomous_exploration_development_environment/src/local_planner) by extension 'ignore_ament_install'
[0.371s] Level 1:colcon.colcon_core.package_identification:_identify(/home/jack/tare_planner/src/autonomous_exploration_development_environment/src/local_planner) by extensions ['colcon_pkg']
[0.371s] Level 1:colcon.colcon_core.package_identification:_identify(/home/jack/tare_planner/src/autonomous_exploration_development_environment/src/local_planner) by extension 'colcon_pkg'
[0.371s] Level 1:colcon.colcon_core.package_identification:_identify(/home/jack/tare_planner/src/autonomous_exploration_development_environment/src/local_planner) by extensions ['colcon_meta']
[0.371s] Level 1:colcon.colcon_core.package_identification:_identify(/home/jack/tare_planner/src/autonomous_exploration_development_environment/src/local_planner) by extension 'colcon_meta'
[0.371s] Level 1:colcon.colcon_core.package_identification:_identify(/home/jack/tare_planner/src/autonomous_exploration_development_environment/src/local_planner) by extensions ['ros']
[0.371s] Level 1:colcon.colcon_core.package_identification:_identify(/home/jack/tare_planner/src/autonomous_exploration_development_environment/src/local_planner) by extension 'ros'
[0.372s] DEBUG:colcon.colcon_core.package_identification:Package '/home/jack/tare_planner/src/autonomous_exploration_development_environment/src/local_planner' with type 'ros.catkin' and name 'local_planner'
[0.372s] Level 1:colcon.colcon_core.package_identification:_identify(/home/jack/tare_planner/src/autonomous_exploration_development_environment/src/sensor_scan_generation) by extensions ['ignore', 'ignore_ament_install']
[0.372s] Level 1:colcon.colcon_core.package_identification:_identify(/home/jack/tare_planner/src/autonomous_exploration_development_environment/src/sensor_scan_generation) by extension 'ignore'
[0.372s] Level 1:colcon.colcon_core.package_identification:_identify(/home/jack/tare_planner/src/autonomous_exploration_development_environment/src/sensor_scan_generation) by extension 'ignore_ament_install'
[0.373s] Level 1:colcon.colcon_core.package_identification:_identify(/home/jack/tare_planner/src/autonomous_exploration_development_environment/src/sensor_scan_generation) by extensions ['colcon_pkg']
[0.373s] Level 1:colcon.colcon_core.package_identification:_identify(/home/jack/tare_planner/src/autonomous_exploration_development_environment/src/sensor_scan_generation) by extension 'colcon_pkg'
[0.373s] Level 1:colcon.colcon_core.package_identification:_identify(/home/jack/tare_planner/src/autonomous_exploration_development_environment/src/sensor_scan_generation) by extensions ['colcon_meta']
[0.373s] Level 1:colcon.colcon_core.package_identification:_identify(/home/jack/tare_planner/src/autonomous_exploration_development_environment/src/sensor_scan_generation) by extension 'colcon_meta'
[0.373s] Level 1:colcon.colcon_core.package_identification:_identify(/home/jack/tare_planner/src/autonomous_exploration_development_environment/src/sensor_scan_generation) by extensions ['ros']
[0.373s] Level 1:colcon.colcon_core.package_identification:_identify(/home/jack/tare_planner/src/autonomous_exploration_development_environment/src/sensor_scan_generation) by extension 'ros'
[0.374s] DEBUG:colcon.colcon_core.package_identification:Package '/home/jack/tare_planner/src/autonomous_exploration_development_environment/src/sensor_scan_generation' with type 'ros.catkin' and name 'sensor_scan_generation'
[0.374s] Level 1:colcon.colcon_core.package_identification:_identify(/home/jack/tare_planner/src/autonomous_exploration_development_environment/src/terrain_analysis) by extensions ['ignore', 'ignore_ament_install']
[0.374s] Level 1:colcon.colcon_core.package_identification:_identify(/home/jack/tare_planner/src/autonomous_exploration_development_environment/src/terrain_analysis) by extension 'ignore'
[0.375s] Level 1:colcon.colcon_core.package_identification:_identify(/home/jack/tare_planner/src/autonomous_exploration_development_environment/src/terrain_analysis) by extension 'ignore_ament_install'
[0.375s] Level 1:colcon.colcon_core.package_identification:_identify(/home/jack/tare_planner/src/autonomous_exploration_development_environment/src/terrain_analysis) by extensions ['colcon_pkg']
[0.375s] Level 1:colcon.colcon_core.package_identification:_identify(/home/jack/tare_planner/src/autonomous_exploration_development_environment/src/terrain_analysis) by extension 'colcon_pkg'
[0.375s] Level 1:colcon.colcon_core.package_identification:_identify(/home/jack/tare_planner/src/autonomous_exploration_development_environment/src/terrain_analysis) by extensions ['colcon_meta']
[0.375s] Level 1:colcon.colcon_core.package_identification:_identify(/home/jack/tare_planner/src/autonomous_exploration_development_environment/src/terrain_analysis) by extension 'colcon_meta'
[0.375s] Level 1:colcon.colcon_core.package_identification:_identify(/home/jack/tare_planner/src/autonomous_exploration_development_environment/src/terrain_analysis) by extensions ['ros']
[0.375s] Level 1:colcon.colcon_core.package_identification:_identify(/home/jack/tare_planner/src/autonomous_exploration_development_environment/src/terrain_analysis) by extension 'ros'
[0.376s] DEBUG:colcon.colcon_core.package_identification:Package '/home/jack/tare_planner/src/autonomous_exploration_development_environment/src/terrain_analysis' with type 'ros.catkin' and name 'terrain_analysis'
[0.376s] Level 1:colcon.colcon_core.package_identification:_identify(/home/jack/tare_planner/src/autonomous_exploration_development_environment/src/terrain_analysis_ext) by extensions ['ignore', 'ignore_ament_install']
[0.376s] Level 1:colcon.colcon_core.package_identification:_identify(/home/jack/tare_planner/src/autonomous_exploration_development_environment/src/terrain_analysis_ext) by extension 'ignore'
[0.376s] Level 1:colcon.colcon_core.package_identification:_identify(/home/jack/tare_planner/src/autonomous_exploration_development_environment/src/terrain_analysis_ext) by extension 'ignore_ament_install'
[0.376s] Level 1:colcon.colcon_core.package_identification:_identify(/home/jack/tare_planner/src/autonomous_exploration_development_environment/src/terrain_analysis_ext) by extensions ['colcon_pkg']
[0.376s] Level 1:colcon.colcon_core.package_identification:_identify(/home/jack/tare_planner/src/autonomous_exploration_development_environment/src/terrain_analysis_ext) by extension 'colcon_pkg'
[0.376s] Level 1:colcon.colcon_core.package_identification:_identify(/home/jack/tare_planner/src/autonomous_exploration_development_environment/src/terrain_analysis_ext) by extensions ['colcon_meta']
[0.376s] Level 1:colcon.colcon_core.package_identification:_identify(/home/jack/tare_planner/src/autonomous_exploration_development_environment/src/terrain_analysis_ext) by extension 'colcon_meta'
[0.377s] Level 1:colcon.colcon_core.package_identification:_identify(/home/jack/tare_planner/src/autonomous_exploration_development_environment/src/terrain_analysis_ext) by extensions ['ros']
[0.377s] Level 1:colcon.colcon_core.package_identification:_identify(/home/jack/tare_planner/src/autonomous_exploration_development_environment/src/terrain_analysis_ext) by extension 'ros'
[0.378s] DEBUG:colcon.colcon_core.package_identification:Package '/home/jack/tare_planner/src/autonomous_exploration_development_environment/src/terrain_analysis_ext' with type 'ros.catkin' and name 'terrain_analysis_ext'
[0.378s] Level 1:colcon.colcon_core.package_identification:_identify(/home/jack/tare_planner/src/autonomous_exploration_development_environment/src/vehicle_simulator) by extensions ['ignore', 'ignore_ament_install']
[0.378s] Level 1:colcon.colcon_core.package_identification:_identify(/home/jack/tare_planner/src/autonomous_exploration_development_environment/src/vehicle_simulator) by extension 'ignore'
[0.378s] Level 1:colcon.colcon_core.package_identification:_identify(/home/jack/tare_planner/src/autonomous_exploration_development_environment/src/vehicle_simulator) by extension 'ignore_ament_install'
[0.378s] Level 1:colcon.colcon_core.package_identification:_identify(/home/jack/tare_planner/src/autonomous_exploration_development_environment/src/vehicle_simulator) by extensions ['colcon_pkg']
[0.378s] Level 1:colcon.colcon_core.package_identification:_identify(/home/jack/tare_planner/src/autonomous_exploration_development_environment/src/vehicle_simulator) by extension 'colcon_pkg'
[0.378s] Level 1:colcon.colcon_core.package_identification:_identify(/home/jack/tare_planner/src/autonomous_exploration_development_environment/src/vehicle_simulator) by extensions ['colcon_meta']
[0.378s] Level 1:colcon.colcon_core.package_identification:_identify(/home/jack/tare_planner/src/autonomous_exploration_development_environment/src/vehicle_simulator) by extension 'colcon_meta'
[0.378s] Level 1:colcon.colcon_core.package_identification:_identify(/home/jack/tare_planner/src/autonomous_exploration_development_environment/src/vehicle_simulator) by extensions ['ros']
[0.378s] Level 1:colcon.colcon_core.package_identification:_identify(/home/jack/tare_planner/src/autonomous_exploration_development_environment/src/vehicle_simulator) by extension 'ros'
[0.379s] DEBUG:colcon.colcon_core.package_identification:Package '/home/jack/tare_planner/src/autonomous_exploration_development_environment/src/vehicle_simulator' with type 'ros.catkin' and name 'vehicle_simulator'
[0.380s] Level 1:colcon.colcon_core.package_identification:_identify(/home/jack/tare_planner/src/autonomous_exploration_development_environment/src/velodyne_simulator) by extensions ['ignore', 'ignore_ament_install']
[0.380s] Level 1:colcon.colcon_core.package_identification:_identify(/home/jack/tare_planner/src/autonomous_exploration_development_environment/src/velodyne_simulator) by extension 'ignore'
[0.380s] Level 1:colcon.colcon_core.package_identification:_identify(/home/jack/tare_planner/src/autonomous_exploration_development_environment/src/velodyne_simulator) by extension 'ignore_ament_install'
[0.380s] Level 1:colcon.colcon_core.package_identification:_identify(/home/jack/tare_planner/src/autonomous_exploration_development_environment/src/velodyne_simulator) by extensions ['colcon_pkg']
[0.380s] Level 1:colcon.colcon_core.package_identification:_identify(/home/jack/tare_planner/src/autonomous_exploration_development_environment/src/velodyne_simulator) by extension 'colcon_pkg'
[0.380s] Level 1:colcon.colcon_core.package_identification:_identify(/home/jack/tare_planner/src/autonomous_exploration_development_environment/src/velodyne_simulator) by extensions ['colcon_meta']
[0.380s] Level 1:colcon.colcon_core.package_identification:_identify(/home/jack/tare_planner/src/autonomous_exploration_development_environment/src/velodyne_simulator) by extension 'colcon_meta'
[0.380s] Level 1:colcon.colcon_core.package_identification:_identify(/home/jack/tare_planner/src/autonomous_exploration_development_environment/src/velodyne_simulator) by extensions ['ros']
[0.380s] Level 1:colcon.colcon_core.package_identification:_identify(/home/jack/tare_planner/src/autonomous_exploration_development_environment/src/velodyne_simulator) by extension 'ros'
[0.380s] Level 1:colcon.colcon_core.package_identification:_identify(/home/jack/tare_planner/src/autonomous_exploration_development_environment/src/velodyne_simulator) by extensions ['cmake', 'python']
[0.380s] Level 1:colcon.colcon_core.package_identification:_identify(/home/jack/tare_planner/src/autonomous_exploration_development_environment/src/velodyne_simulator) by extension 'cmake'
[0.380s] Level 1:colcon.colcon_core.package_identification:_identify(/home/jack/tare_planner/src/autonomous_exploration_development_environment/src/velodyne_simulator) by extension 'python'
[0.380s] Level 1:colcon.colcon_core.package_identification:_identify(/home/jack/tare_planner/src/autonomous_exploration_development_environment/src/velodyne_simulator) by extensions ['python_setup_py']
[0.380s] Level 1:colcon.colcon_core.package_identification:_identify(/home/jack/tare_planner/src/autonomous_exploration_development_environment/src/velodyne_simulator) by extension 'python_setup_py'
[0.381s] Level 1:colcon.colcon_core.package_identification:_identify(/home/jack/tare_planner/src/autonomous_exploration_development_environment/src/velodyne_simulator/velodyne_description) by extensions ['ignore', 'ignore_ament_install']
[0.381s] Level 1:colcon.colcon_core.package_identification:_identify(/home/jack/tare_planner/src/autonomous_exploration_development_environment/src/velodyne_simulator/velodyne_description) by extension 'ignore'
[0.381s] Level 1:colcon.colcon_core.package_identification:_identify(/home/jack/tare_planner/src/autonomous_exploration_development_environment/src/velodyne_simulator/velodyne_description) by extension 'ignore_ament_install'
[0.381s] Level 1:colcon.colcon_core.package_identification:_identify(/home/jack/tare_planner/src/autonomous_exploration_development_environment/src/velodyne_simulator/velodyne_description) by extensions ['colcon_pkg']
[0.381s] Level 1:colcon.colcon_core.package_identification:_identify(/home/jack/tare_planner/src/autonomous_exploration_development_environment/src/velodyne_simulator/velodyne_description) by extension 'colcon_pkg'
[0.381s] Level 1:colcon.colcon_core.package_identification:_identify(/home/jack/tare_planner/src/autonomous_exploration_development_environment/src/velodyne_simulator/velodyne_description) by extensions ['colcon_meta']
[0.381s] Level 1:colcon.colcon_core.package_identification:_identify(/home/jack/tare_planner/src/autonomous_exploration_development_environment/src/velodyne_simulator/velodyne_description) by extension 'colcon_meta'
[0.381s] Level 1:colcon.colcon_core.package_identification:_identify(/home/jack/tare_planner/src/autonomous_exploration_development_environment/src/velodyne_simulator/velodyne_description) by extensions ['ros']
[0.381s] Level 1:colcon.colcon_core.package_identification:_identify(/home/jack/tare_planner/src/autonomous_exploration_development_environment/src/velodyne_simulator/velodyne_description) by extension 'ros'
[0.382s] DEBUG:colcon.colcon_core.package_identification:Package '/home/jack/tare_planner/src/autonomous_exploration_development_environment/src/velodyne_simulator/velodyne_description' with type 'ros.catkin' and name 'velodyne_description'
[0.382s] Level 1:colcon.colcon_core.package_identification:_identify(/home/jack/tare_planner/src/autonomous_exploration_development_environment/src/velodyne_simulator/velodyne_gazebo_plugins) by extensions ['ignore', 'ignore_ament_install']
[0.382s] Level 1:colcon.colcon_core.package_identification:_identify(/home/jack/tare_planner/src/autonomous_exploration_development_environment/src/velodyne_simulator/velodyne_gazebo_plugins) by extension 'ignore'
[0.382s] Level 1:colcon.colcon_core.package_identification:_identify(/home/jack/tare_planner/src/autonomous_exploration_development_environment/src/velodyne_simulator/velodyne_gazebo_plugins) by extension 'ignore_ament_install'
[0.382s] Level 1:colcon.colcon_core.package_identification:_identify(/home/jack/tare_planner/src/autonomous_exploration_development_environment/src/velodyne_simulator/velodyne_gazebo_plugins) by extensions ['colcon_pkg']
[0.382s] Level 1:colcon.colcon_core.package_identification:_identify(/home/jack/tare_planner/src/autonomous_exploration_development_environment/src/velodyne_simulator/velodyne_gazebo_plugins) by extension 'colcon_pkg'
[0.382s] Level 1:colcon.colcon_core.package_identification:_identify(/home/jack/tare_planner/src/autonomous_exploration_development_environment/src/velodyne_simulator/velodyne_gazebo_plugins) by extensions ['colcon_meta']
[0.383s] Level 1:colcon.colcon_core.package_identification:_identify(/home/jack/tare_planner/src/autonomous_exploration_development_environment/src/velodyne_simulator/velodyne_gazebo_plugins) by extension 'colcon_meta'
[0.383s] Level 1:colcon.colcon_core.package_identification:_identify(/home/jack/tare_planner/src/autonomous_exploration_development_environment/src/velodyne_simulator/velodyne_gazebo_plugins) by extensions ['ros']
[0.383s] Level 1:colcon.colcon_core.package_identification:_identify(/home/jack/tare_planner/src/autonomous_exploration_development_environment/src/velodyne_simulator/velodyne_gazebo_plugins) by extension 'ros'
[0.385s] DEBUG:colcon.colcon_core.package_identification:Package '/home/jack/tare_planner/src/autonomous_exploration_development_environment/src/velodyne_simulator/velodyne_gazebo_plugins' with type 'ros.catkin' and name 'velodyne_gazebo_plugins'
[0.385s] Level 1:colcon.colcon_core.package_identification:_identify(/home/jack/tare_planner/src/autonomous_exploration_development_environment/src/velodyne_simulator/velodyne_simulator) by extensions ['ignore', 'ignore_ament_install']
[0.386s] Level 1:colcon.colcon_core.package_identification:_identify(/home/jack/tare_planner/src/autonomous_exploration_development_environment/src/velodyne_simulator/velodyne_simulator) by extension 'ignore'
[0.386s] Level 1:colcon.colcon_core.package_identification:_identify(/home/jack/tare_planner/src/autonomous_exploration_development_environment/src/velodyne_simulator/velodyne_simulator) by extension 'ignore_ament_install'
[0.386s] Level 1:colcon.colcon_core.package_identification:_identify(/home/jack/tare_planner/src/autonomous_exploration_development_environment/src/velodyne_simulator/velodyne_simulator) by extensions ['colcon_pkg']
[0.386s] Level 1:colcon.colcon_core.package_identification:_identify(/home/jack/tare_planner/src/autonomous_exploration_development_environment/src/velodyne_simulator/velodyne_simulator) by extension 'colcon_pkg'
[0.386s] Level 1:colcon.colcon_core.package_identification:_identify(/home/jack/tare_planner/src/autonomous_exploration_development_environment/src/velodyne_simulator/velodyne_simulator) by extensions ['colcon_meta']
[0.386s] Level 1:colcon.colcon_core.package_identification:_identify(/home/jack/tare_planner/src/autonomous_exploration_development_environment/src/velodyne_simulator/velodyne_simulator) by extension 'colcon_meta'
[0.386s] Level 1:colcon.colcon_core.package_identification:_identify(/home/jack/tare_planner/src/autonomous_exploration_development_environment/src/velodyne_simulator/velodyne_simulator) by extensions ['ros']
[0.386s] Level 1:colcon.colcon_core.package_identification:_identify(/home/jack/tare_planner/src/autonomous_exploration_development_environment/src/velodyne_simulator/velodyne_simulator) by extension 'ros'
[0.387s] DEBUG:colcon.colcon_core.package_identification:Package '/home/jack/tare_planner/src/autonomous_exploration_development_environment/src/velodyne_simulator/velodyne_simulator' with type 'ros.catkin' and name 'velodyne_simulator'
[0.387s] Level 1:colcon.colcon_core.package_identification:_identify(/home/jack/tare_planner/src/autonomous_exploration_development_environment/src/visualization_tools) by extensions ['ignore', 'ignore_ament_install']
[0.387s] Level 1:colcon.colcon_core.package_identification:_identify(/home/jack/tare_planner/src/autonomous_exploration_development_environment/src/visualization_tools) by extension 'ignore'
[0.387s] Level 1:colcon.colcon_core.package_identification:_identify(/home/jack/tare_planner/src/autonomous_exploration_development_environment/src/visualization_tools) by extension 'ignore_ament_install'
[0.388s] Level 1:colcon.colcon_core.package_identification:_identify(/home/jack/tare_planner/src/autonomous_exploration_development_environment/src/visualization_tools) by extensions ['colcon_pkg']
[0.388s] Level 1:colcon.colcon_core.package_identification:_identify(/home/jack/tare_planner/src/autonomous_exploration_development_environment/src/visualization_tools) by extension 'colcon_pkg'
[0.388s] Level 1:colcon.colcon_core.package_identification:_identify(/home/jack/tare_planner/src/autonomous_exploration_development_environment/src/visualization_tools) by extensions ['colcon_meta']
[0.388s] Level 1:colcon.colcon_core.package_identification:_identify(/home/jack/tare_planner/src/autonomous_exploration_development_environment/src/visualization_tools) by extension 'colcon_meta'
[0.388s] Level 1:colcon.colcon_core.package_identification:_identify(/home/jack/tare_planner/src/autonomous_exploration_development_environment/src/visualization_tools) by extensions ['ros']
[0.388s] Level 1:colcon.colcon_core.package_identification:_identify(/home/jack/tare_planner/src/autonomous_exploration_development_environment/src/visualization_tools) by extension 'ros'
[0.389s] DEBUG:colcon.colcon_core.package_identification:Package '/home/jack/tare_planner/src/autonomous_exploration_development_environment/src/visualization_tools' with type 'ros.catkin' and name 'visualization_tools'
[0.389s] Level 1:colcon.colcon_core.package_identification:_identify(/home/jack/tare_planner/src/autonomous_exploration_development_environment/src/waypoint_example) by extensions ['ignore', 'ignore_ament_install']
[0.389s] Level 1:colcon.colcon_core.package_identification:_identify(/home/jack/tare_planner/src/autonomous_exploration_development_environment/src/waypoint_example) by extension 'ignore'
[0.389s] Level 1:colcon.colcon_core.package_identification:_identify(/home/jack/tare_planner/src/autonomous_exploration_development_environment/src/waypoint_example) by extension 'ignore_ament_install'
[0.389s] Level 1:colcon.colcon_core.package_identification:_identify(/home/jack/tare_planner/src/autonomous_exploration_development_environment/src/waypoint_example) by extensions ['colcon_pkg']
[0.389s] Level 1:colcon.colcon_core.package_identification:_identify(/home/jack/tare_planner/src/autonomous_exploration_development_environment/src/waypoint_example) by extension 'colcon_pkg'
[0.389s] Level 1:colcon.colcon_core.package_identification:_identify(/home/jack/tare_planner/src/autonomous_exploration_development_environment/src/waypoint_example) by extensions ['colcon_meta']
[0.389s] Level 1:colcon.colcon_core.package_identification:_identify(/home/jack/tare_planner/src/autonomous_exploration_development_environment/src/waypoint_example) by extension 'colcon_meta'
[0.389s] Level 1:colcon.colcon_core.package_identification:_identify(/home/jack/tare_planner/src/autonomous_exploration_development_environment/src/waypoint_example) by extensions ['ros']
[0.390s] Level 1:colcon.colcon_core.package_identification:_identify(/home/jack/tare_planner/src/autonomous_exploration_development_environment/src/waypoint_example) by extension 'ros'
[0.390s] DEBUG:colcon.colcon_core.package_identification:Package '/home/jack/tare_planner/src/autonomous_exploration_development_environment/src/waypoint_example' with type 'ros.catkin' and name 'waypoint_example'
[0.391s] Level 1:colcon.colcon_core.package_identification:_identify(/home/jack/tare_planner/src/autonomous_exploration_development_environment/src/waypoint_rviz_plugin) by extensions ['ignore', 'ignore_ament_install']
[0.391s] Level 1:colcon.colcon_core.package_identification:_identify(/home/jack/tare_planner/src/autonomous_exploration_development_environment/src/waypoint_rviz_plugin) by extension 'ignore'
[0.391s] Level 1:colcon.colcon_core.package_identification:_identify(/home/jack/tare_planner/src/autonomous_exploration_development_environment/src/waypoint_rviz_plugin) by extension 'ignore_ament_install'
[0.391s] Level 1:colcon.colcon_core.package_identification:_identify(/home/jack/tare_planner/src/autonomous_exploration_development_environment/src/waypoint_rviz_plugin) by extensions ['colcon_pkg']
[0.391s] Level 1:colcon.colcon_core.package_identification:_identify(/home/jack/tare_planner/src/autonomous_exploration_development_environment/src/waypoint_rviz_plugin) by extension 'colcon_pkg'
[0.391s] Level 1:colcon.colcon_core.package_identification:_identify(/home/jack/tare_planner/src/autonomous_exploration_development_environment/src/waypoint_rviz_plugin) by extensions ['colcon_meta']
[0.391s] Level 1:colcon.colcon_core.package_identification:_identify(/home/jack/tare_planner/src/autonomous_exploration_development_environment/src/waypoint_rviz_plugin) by extension 'colcon_meta'
[0.391s] Level 1:colcon.colcon_core.package_identification:_identify(/home/jack/tare_planner/src/autonomous_exploration_development_environment/src/waypoint_rviz_plugin) by extensions ['ros']
[0.391s] Level 1:colcon.colcon_core.package_identification:_identify(/home/jack/tare_planner/src/autonomous_exploration_development_environment/src/waypoint_rviz_plugin) by extension 'ros'
[0.392s] DEBUG:colcon.colcon_core.package_identification:Package '/home/jack/tare_planner/src/autonomous_exploration_development_environment/src/waypoint_rviz_plugin' with type 'ros.catkin' and name 'waypoint_rviz_plugin'
[0.392s] Level 1:colcon.colcon_core.package_identification:_identify(/home/jack/tare_planner/src/tare_planner) by extensions ['ignore', 'ignore_ament_install']
[0.392s] Level 1:colcon.colcon_core.package_identification:_identify(/home/jack/tare_planner/src/tare_planner) by extension 'ignore'
[0.392s] Level 1:colcon.colcon_core.package_identification:_identify(/home/jack/tare_planner/src/tare_planner) by extension 'ignore_ament_install'
[0.392s] Level 1:colcon.colcon_core.package_identification:_identify(/home/jack/tare_planner/src/tare_planner) by extensions ['colcon_pkg']
[0.392s] Level 1:colcon.colcon_core.package_identification:_identify(/home/jack/tare_planner/src/tare_planner) by extension 'colcon_pkg'
[0.392s] Level 1:colcon.colcon_core.package_identification:_identify(/home/jack/tare_planner/src/tare_planner) by extensions ['colcon_meta']
[0.393s] Level 1:colcon.colcon_core.package_identification:_identify(/home/jack/tare_planner/src/tare_planner) by extension 'colcon_meta'
[0.393s] Level 1:colcon.colcon_core.package_identification:_identify(/home/jack/tare_planner/src/tare_planner) by extensions ['ros']
[0.393s] Level 1:colcon.colcon_core.package_identification:_identify(/home/jack/tare_planner/src/tare_planner) by extension 'ros'
[0.393s] Level 1:colcon.colcon_core.package_identification:_identify(/home/jack/tare_planner/src/tare_planner) by extensions ['cmake', 'python']
[0.393s] Level 1:colcon.colcon_core.package_identification:_identify(/home/jack/tare_planner/src/tare_planner) by extension 'cmake'
[0.393s] Level 1:colcon.colcon_core.package_identification:_identify(/home/jack/tare_planner/src/tare_planner) by extension 'python'
[0.393s] Level 1:colcon.colcon_core.package_identification:_identify(/home/jack/tare_planner/src/tare_planner) by extensions ['python_setup_py']
[0.393s] Level 1:colcon.colcon_core.package_identification:_identify(/home/jack/tare_planner/src/tare_planner) by extension 'python_setup_py'
[0.393s] Level 1:colcon.colcon_core.package_identification:_identify(/home/jack/tare_planner/src/tare_planner/img) by extensions ['ignore', 'ignore_ament_install']
[0.394s] Level 1:colcon.colcon_core.package_identification:_identify(/home/jack/tare_planner/src/tare_planner/img) by extension 'ignore'
[0.394s] Level 1:colcon.colcon_core.package_identification:_identify(/home/jack/tare_planner/src/tare_planner/img) by extension 'ignore_ament_install'
[0.394s] Level 1:colcon.colcon_core.package_identification:_identify(/home/jack/tare_planner/src/tare_planner/img) by extensions ['colcon_pkg']
[0.394s] Level 1:colcon.colcon_core.package_identification:_identify(/home/jack/tare_planner/src/tare_planner/img) by extension 'colcon_pkg'
[0.394s] Level 1:colcon.colcon_core.package_identification:_identify(/home/jack/tare_planner/src/tare_planner/img) by extensions ['colcon_meta']
[0.394s] Level 1:colcon.colcon_core.package_identification:_identify(/home/jack/tare_planner/src/tare_planner/img) by extension 'colcon_meta'
[0.394s] Level 1:colcon.colcon_core.package_identification:_identify(/home/jack/tare_planner/src/tare_planner/img) by extensions ['ros']
[0.394s] Level 1:colcon.colcon_core.package_identification:_identify(/home/jack/tare_planner/src/tare_planner/img) by extension 'ros'
[0.394s] Level 1:colcon.colcon_core.package_identification:_identify(/home/jack/tare_planner/src/tare_planner/img) by extensions ['cmake', 'python']
[0.394s] Level 1:colcon.colcon_core.package_identification:_identify(/home/jack/tare_planner/src/tare_planner/img) by extension 'cmake'
[0.394s] Level 1:colcon.colcon_core.package_identification:_identify(/home/jack/tare_planner/src/tare_planner/img) by extension 'python'
[0.394s] Level 1:colcon.colcon_core.package_identification:_identify(/home/jack/tare_planner/src/tare_planner/img) by extensions ['python_setup_py']
[0.394s] Level 1:colcon.colcon_core.package_identification:_identify(/home/jack/tare_planner/src/tare_planner/img) by extension 'python_setup_py'
[0.394s] Level 1:colcon.colcon_core.package_identification:_identify(/home/jack/tare_planner/src/tare_planner/src) by extensions ['ignore', 'ignore_ament_install']
[0.395s] Level 1:colcon.colcon_core.package_identification:_identify(/home/jack/tare_planner/src/tare_planner/src) by extension 'ignore'
[0.395s] Level 1:colcon.colcon_core.package_identification:_identify(/home/jack/tare_planner/src/tare_planner/src) by extension 'ignore_ament_install'
[0.395s] Level 1:colcon.colcon_core.package_identification:_identify(/home/jack/tare_planner/src/tare_planner/src) by extensions ['colcon_pkg']
[0.395s] Level 1:colcon.colcon_core.package_identification:_identify(/home/jack/tare_planner/src/tare_planner/src) by extension 'colcon_pkg'
[0.395s] Level 1:colcon.colcon_core.package_identification:_identify(/home/jack/tare_planner/src/tare_planner/src) by extensions ['colcon_meta']
[0.395s] Level 1:colcon.colcon_core.package_identification:_identify(/home/jack/tare_planner/src/tare_planner/src) by extension 'colcon_meta'
[0.395s] Level 1:colcon.colcon_core.package_identification:_identify(/home/jack/tare_planner/src/tare_planner/src) by extensions ['ros']
[0.395s] Level 1:colcon.colcon_core.package_identification:_identify(/home/jack/tare_planner/src/tare_planner/src) by extension 'ros'
[0.395s] Level 1:colcon.colcon_core.package_identification:_identify(/home/jack/tare_planner/src/tare_planner/src) by extensions ['cmake', 'python']
[0.395s] Level 1:colcon.colcon_core.package_identification:_identify(/home/jack/tare_planner/src/tare_planner/src) by extension 'cmake'
[0.395s] Level 1:colcon.colcon_core.package_identification:_identify(/home/jack/tare_planner/src/tare_planner/src) by extension 'python'
[0.395s] Level 1:colcon.colcon_core.package_identification:_identify(/home/jack/tare_planner/src/tare_planner/src) by extensions ['python_setup_py']
[0.395s] Level 1:colcon.colcon_core.package_identification:_identify(/home/jack/tare_planner/src/tare_planner/src) by extension 'python_setup_py'
[0.395s] Level 1:colcon.colcon_core.package_identification:_identify(/home/jack/tare_planner/src/tare_planner/src/tare_planner) by extensions ['ignore', 'ignore_ament_install']
[0.396s] Level 1:colcon.colcon_core.package_identification:_identify(/home/jack/tare_planner/src/tare_planner/src/tare_planner) by extension 'ignore'
[0.396s] Level 1:colcon.colcon_core.package_identification:_identify(/home/jack/tare_planner/src/tare_planner/src/tare_planner) by extension 'ignore_ament_install'
[0.396s] Level 1:colcon.colcon_core.package_identification:_identify(/home/jack/tare_planner/src/tare_planner/src/tare_planner) by extensions ['colcon_pkg']
[0.396s] Level 1:colcon.colcon_core.package_identification:_identify(/home/jack/tare_planner/src/tare_planner/src/tare_planner) by extension 'colcon_pkg'
[0.396s] Level 1:colcon.colcon_core.package_identification:_identify(/home/jack/tare_planner/src/tare_planner/src/tare_planner) by extensions ['colcon_meta']
[0.396s] Level 1:colcon.colcon_core.package_identification:_identify(/home/jack/tare_planner/src/tare_planner/src/tare_planner) by extension 'colcon_meta'
[0.396s] Level 1:colcon.colcon_core.package_identification:_identify(/home/jack/tare_planner/src/tare_planner/src/tare_planner) by extensions ['ros']
[0.396s] Level 1:colcon.colcon_core.package_identification:_identify(/home/jack/tare_planner/src/tare_planner/src/tare_planner) by extension 'ros'
[0.420s] DEBUG:colcon.colcon_core.package_identification:Package '/home/jack/tare_planner/src/tare_planner/src/tare_planner' with type 'ros.catkin' and name 'tare_planner'
[0.420s] Level 1:colcon.colcon_core.package_discovery:discover_packages(recursive) using defaults
